03-27 21:11:07 663 [139876841707072][INFO]create IO thread(135094).

03-27 21:11:07 664 [139876816528960][INFO]create WORKS thread(135097).

03-27 21:11:07 663 [139876850099776][INFO]create IO thread(135093).

03-27 21:11:07 664 [139876824921664][INFO]create WORKS thread(135096).

03-27 21:11:07 663 [139876833314368][INFO]create IO thread(135095).

03-27 21:11:08 165 [139876869931520][INFO]redis++ server connected successfully
03-27 21:11:22 932 [140289154377280][INFO]create IO thread(135109).

03-27 21:11:22 934 [140289058530880][INFO]create WORKS thread(135112).

03-27 21:11:22 934 [140289050138176][INFO]create WORKS thread(135113).

03-27 21:11:22 940 [140289066923584][INFO]create IO thread(135111).

03-27 21:11:22 949 [140289145984576][INFO]create IO thread(135110).

03-27 21:11:23 198 [140289174458880][INFO]redis++ server connected successfully
03-27 21:12:19 109 [139876869931520][INFO]publickey send client
03-27 21:12:19 109 [139876869931520][INFO]redis++ server connected successfully
03-27 21:12:19 385 [139876833314368][INFO]connect redis-server success!
03-27 21:12:19 385 [139876833314368][INFO]redis++ server connected successfully
03-27 21:12:19 648 [139876833314368][INFO]connect to database success!
03-27 21:12:19 663 [139876833314368][INFO]connect to database success!
03-27 21:12:19 674 [139876833314368][INFO]connect to database success!
03-27 21:12:19 689 [139876833314368][INFO]connect to database success!
03-27 21:12:19 719 [139876833314368][INFO]connect to database success!
03-27 21:12:19 737 [139876833314368][INFO]connect to database success!
03-27 21:12:19 860 [139876833314368][INFO]connect to database success!
03-27 21:12:19 876 [139876833314368][INFO]connect to database success!
03-27 21:12:19 886 [139876833314368][INFO]connect to database success!
03-27 21:12:19 896 [139876833314368][INFO]connect to database success!
03-27 21:12:22 669 [139876833314368][INFO] 17
03-27 21:12:27 669 [139876833314368][INFO] 17
03-27 21:12:32 669 [139876833314368][INFO] 17
03-27 21:12:32 669 [139876833314368][INFO]EventLoop::handletimer()1  thread is 135095.

03-27 21:12:32 669 [139876833314368][INFO]fd(-2130598928) 已超时
03-27 21:18:28 625 [139876869931520][INFO]sig=2

03-27 21:18:28 640 [139876869931520][INFO]工作线程已停止
03-27 21:18:28 641 [139876869931520][INFO]主事件循环已停止。

03-27 21:18:28 641 [139876869931520][INFO]从事件循环已停止。

03-27 21:18:28 681 [139876869931520][INFO]IO线程池停止。

03-27 21:18:28 681 [139876869931520][INFO]IO线程已停止
03-27 21:18:28 682 [139876869931520][INFO]chatserver已停止。

03-27 21:18:28 683 [139876869931520][INFO]delete chatserver。

03-27 21:18:28 683 [139876869931520][ERROR]epoll_wait() failed
03-27 21:18:30 531 [139876869931520][INFO]sig=2

03-27 21:18:30 531 [139876869931520][INFO]工作线程已停止
03-27 21:18:30 531 [139876869931520][INFO]主事件循环已停止。

03-27 21:18:30 531 [139876869931520][INFO]从事件循环已停止。

03-27 21:18:30 531 [139876869931520][INFO]IO线程池停止。

03-27 21:18:30 531 [139876869931520][INFO]IO线程已停止
03-27 21:18:30 531 [139876869931520][INFO]chatserver已停止。

03-27 21:18:32 634 [140289174458880][INFO]connect redis-server success!
03-27 21:18:32 635 [140289174458880][INFO]redis++ server connected successfully
03-27 21:18:32 747 [140289174458880][INFO]connect to database success!
03-27 21:18:32 759 [140289174458880][INFO]connect to database success!
03-27 21:18:32 772 [140289174458880][INFO]connect to database success!
03-27 21:18:32 785 [140289174458880][INFO]connect to database success!
03-27 21:18:32 797 [140289174458880][INFO]connect to database success!
03-27 21:18:32 805 [140289174458880][INFO]connect to database success!
03-27 21:18:32 818 [140289174458880][INFO]connect to database success!
03-27 21:18:32 830 [140289174458880][INFO]connect to database success!
03-27 21:18:32 839 [140289174458880][INFO]connect to database success!
03-27 21:18:32 855 [140289174458880][INFO]connect to database success!
03-27 21:18:32 864 [140289174458880][INFO]sig=2

03-27 21:18:32 865 [140289174458880][INFO]工作线程已停止
03-27 21:18:32 865 [140289174458880][INFO]主事件循环已停止。

03-27 21:18:32 865 [140289174458880][INFO]从事件循环已停止。

03-27 21:18:32 865 [140289174458880][INFO]IO线程池停止。

03-27 21:18:32 865 [140289174458880][INFO]IO线程已停止
03-27 21:18:32 865 [140289174458880][INFO]chatserver已停止。

03-27 21:18:32 866 [140289174458880][INFO]delete chatserver。

03-27 21:18:32 866 [140289174458880][ERROR]epoll_wait() failed
03-27 21:18:33 003 [140289174458880][INFO]sig=2

03-27 21:18:33 003 [140289174458880][INFO]工作线程已停止
03-27 21:18:33 003 [140289174458880][INFO]主事件循环已停止。

